
> ask-adtu@0.1.0 ingest
> tsx scripts/ingest.ts

pages.json: 185 pages chunked
pdfs: 15 documents processed
faq: 47 curated entries
Total unique chunks: 3144 (skipped 276 dup/tiny)
Embedding 3144 chunks with Xenova/all-MiniLM-L6-v2...
progress embedded=32/3144
progress embedded=64/3144
progress embedded=96/3144
progress embedded=128/3144
progress embedded=160/3144
progress embedded=192/3144
progress embedded=224/3144
progress embedded=256/3144
progress embedded=288/3144
progress embedded=320/3144
progress embedded=352/3144
progress embedded=384/3144
progress embedded=416/3144
progress embedded=448/3144
progress embedded=480/3144
progress embedded=512/3144
progress embedded=544/3144
progress embedded=576/3144
progress embedded=608/3144
progress embedded=640/3144
progress embedded=672/3144
progress embedded=704/3144
progress embedded=736/3144
progress embedded=768/3144
progress embedded=800/3144
progress embedded=832/3144
progress embedded=864/3144
progress embedded=896/3144
progress embedded=928/3144
progress embedded=960/3144
progress embedded=992/3144
progress embedded=1024/3144
progress embedded=1056/3144
progress embedded=1088/3144
progress embedded=1120/3144
progress embedded=1152/3144
progress embedded=1184/3144
progress embedded=1216/3144
progress embedded=1248/3144
progress embedded=1280/3144
progress embedded=1312/3144
progress embedded=1344/3144
progress embedded=1376/3144
progress embedded=1408/3144
progress embedded=1440/3144
progress embedded=1472/3144
progress embedded=1504/3144
progress embedded=1536/3144
progress embedded=1568/3144
progress embedded=1600/3144
progress embedded=1632/3144
progress embedded=1664/3144
progress embedded=1696/3144
progress embedded=1728/3144
progress embedded=1760/3144
progress embedded=1792/3144
progress embedded=1824/3144
progress embedded=1856/3144
progress embedded=1888/3144
progress embedded=1920/3144
progress embedded=1952/3144
progress embedded=1984/3144
progress embedded=2016/3144
progress embedded=2048/3144
progress embedded=2080/3144
progress embedded=2112/3144
progress embedded=2144/3144
progress embedded=2176/3144
progress embedded=2208/3144
progress embedded=2240/3144
progress embedded=2272/3144
progress embedded=2304/3144
progress embedded=2336/3144
progress embedded=2368/3144
progress embedded=2400/3144
progress embedded=2432/3144
progress embedded=2464/3144
progress embedded=2496/3144
progress embedded=2528/3144
progress embedded=2560/3144
progress embedded=2592/3144
progress embedded=2624/3144
progress embedded=2656/3144
progress embedded=2688/3144
progress embedded=2720/3144
progress embedded=2752/3144
progress embedded=2784/3144
progress embedded=2816/3144
progress embedded=2848/3144
progress embedded=2880/3144
progress embedded=2912/3144
progress embedded=2944/3144
progress embedded=2976/3144
progress embedded=3008/3144
progress embedded=3040/3144
progress embedded=3072/3144
progress embedded=3104/3144
progress embedded=3136/3144
progress embedded=3144/3144

Ingestion complete: [
  { kind: 'faq', n: 47 },
  { kind: 'page', n: 2746 },
  { kind: 'pdf', n: 351 }
]
DB at D:\project\hackathon\ask-adtu\src\db\chunks.db
